LISTING FOR LOGIC DESCRIPTION FILE: PICOXTCF.pld                     Page 1

CUPL(WM): Universal Compiler for Programmable Logic
Version 5.0a Serial# MW-10400000
Copyright (c) 1983, 1998 Logical Devices, Inc.
Created Thu May 08 22:26:56 2025

  1:Name            Iodecode;
  2:Partno          CA0010;
  3:Revision        02;
  4:Date            3/20/25;
  5:Designer        yo5ptd;
  6:Company         none;
  7:Assembly        PC Multi-Function;
  8:Location        U1;
  9:Device          G20V8;
 10:
 11:/************************************************************************/
 12:/* This device generates the chip select signals for the I/O functions. */
 13:/* It also enables the data bus transceiver for both memory and I/O     */
 14:/* write cycles.                                                        */
 15:/************************************************************************/
 16:
 17:/** Inputs **/
 18:
 19:pin [1..6]      = [a4..9] ;     /* system addresses a4 - a9     */
 20:pin [7..11,13,14]       = [a13..19] ;   /* system addresses a13 - a19     */
 21:pin 21          = CF_DASP ;     /* same signal as ioacc         */
 22:pin 23          = RESETDRV;     /* for !CF_RESET                */
 23:pin 15          = AEN ;         /* ISA bus AEN                  */
 24:
 25:/** Outputs **/
 26:
 27:pin 22     = LED ;              /* led driven from CF_DASP      */
 28:pin 20     = CF_RESET ;        /* inverted RESETDRV from ISA    */
 29:pin 16     = !CF_CS0 ;          /* calculated CF_CS0            */
 30:pin 17     = !CF_CS1 ;          /* calculated CF_CS1            */
 31:pin 19     = ROM_HI ;           /* either 2x8k Blocks or one 16k*/
 32:pin 18     = !ROM_CS ;          /* ROM address chip select*/
 33:
 34:/** Declarations and Intermediate Variable Definitions  **/
 35:
 36:field   ioaddr    = [a9..5] ;
 37:xtioaddr_eqn     = ioaddr:['h'300] ;  /*          I/O Address        */
 38:/** valid also : 320,360,380,3A0,3C0,3E0 */
 39:
 40:field   romaddr    = [a19..14] ; 
 41:
 42:
 43:/** Logic Equations **/
 44:
 45:!CF_CS0=!(!AEN & xtioaddr_eqn & !a4);
 46:!CF_CS1=!(!AEN & xtioaddr_eqn & a4);
 47:
 48:ROM_CS          =romaddr:[D0000]; /*default, change if conflict*/
 49:/**
 50:    Addresses 0xC0000 - 0xC6000 will conflict with EGA/VGA BIOS extension
 51:    Addresses 0xC8000 - 0xCA000 might conflict with XT Hard Disk BIOS extension
 52:    Addresses 0xE0000 and up might conflict with system BIOS on newer motherboards
 53:

LISTING FOR LOGIC DESCRIPTION FILE: PICOXTCF.pld                     Page 2

CUPL(WM): Universal Compiler for Programmable Logic
Version 5.0a Serial# MW-10400000
Copyright (c) 1983, 1998 Logical Devices, Inc.
Created Thu May 08 22:26:56 2025

 54:**/
 55:
 56:CF_RESET        =!RESETDRV;
 57:LED             =CF_DASP;
 58:ROM_HI          =a13; /* 0 for low 8k, 1 for high 8k, a13 for 16k*/
 59:
 60:
 61:
 62:



Jedec Fuse Checksum       (2591)
Jedec Transmit Checksum   (d668)
